<html>
<body>
<pre>
<h1>µVision Build Log</h1>
<h2>Tool Versions:</h2>
IDE-Version: µVision V5.21.1.0
Copyright (C) 2016 ARM Ltd and ARM Germany GmbH. All rights reserved.
License Information: HPSU CBE, HPSUCBE, LIC=----
 
Tool Versions:
Toolchain:       MDK-Lite  Version: 5.21a
Toolchain Path:  C:\Keil_v5\ARM\ARMCC\Bin
C Compiler:      Armcc.exe V5.06 update 3 (build 300)
Assembler:       Armasm.exe V5.06 update 3 (build 300)
Linker/Locator:  ArmLink.exe V5.06 update 3 (build 300)
Library Manager: ArmAr.exe V5.06 update 3 (build 300)
Hex Converter:   FromElf.exe V5.06 update 3 (build 300)
CPU DLL:         SARM.DLL V5.21a
Dialog DLL:      DARMP.DLL V1.52.0.0
Target DLL:      UL2ARM.DLL V1.74.9.0
Dialog DLL:      TARMP.DLL V1.52.0.0
 
<h2>Project:</h2>
C:\Users\emb1\Desktop\gowtham\ARM\keypad\keypad.uvproj
Project File Date:  12/13/2017

<h2>Output:</h2>
*** Using Compiler 'V5.06 update 3 (build 300)', folder: 'C:\Keil_v5\ARM\ARMCC\Bin'
Rebuild target 'Target 1'
assembling Startup.s...
compiling keypad_led.c...
keypad_led.c(2): warning:  #1295-D: Deprecated declaration scancol - give arg types
  void scancol();
keypad_led.c(3): warning:  #1295-D: Deprecated declaration scanrow - give arg types
  void scanrow();
keypad_led.c(35): warning:  #111-D: statement is unreachable
  return 0;
keypad_led.c(76): warning:  #1-D: last line of file ends without a newline
  }
keypad_led.c: 4 warnings, 0 errors
linking...
Program Size: Code=1376 RO-data=96 RW-data=8 ZI-data=1256  
FromELF: creating hex file...
".\Objects\keypad.axf" - 0 Error(s), 4 Warning(s).
Build Time Elapsed:  00:00:00
</pre>
</body>
</html>
